Component: ARM Compiler 5.06 update 7 (build 960) Tool: armlink [4d3601]

==============================================================================

Section Cross References

    main.o(.text) refers to delay.o(.text) for delay_init
    main.o(.text) refers to misc.o(.text) for NVIC_PriorityGroupConfig
    main.o(.text) refers to ws281x.o(.text) for WS281x_Init
    main.o(.text) refers to os_time.o(.text) for OSTimeDlyHMSM
    main.o(.text) refers to cpu_core.o(.text) for CPU_Init
    main.o(.text) refers to os_stat.o(.text) for OSStatTaskCPUUsageInit
    main.o(.text) refers to os_core.o(.text) for OSSchedRoundRobinCfg
    main.o(.text) refers to cpu_a.o(.text) for CPU_SR_Save
    main.o(.text) refers to os_task.o(.text) for OSTaskCreate
    main.o(.text) refers to main.o(.bss) for .bss
    system_stm32f4xx.o(.text) refers to system_stm32f4xx.o(.data) for .data
    gui.o(.text) refers to lcd.o(.text) for LCD_SetCursor
    gui.o(.text) refers to lcd.o(.bss) for lcddev
    gui.o(.text) refers to lcd.o(.data) for POINT_COLOR
    gui.o(.text) refers to gui.o(.constdata) for .constdata
    gui.o(.text) refers to lcd.o(.data) for BACK_COLOR
    gui.o(.text) refers to strlen.o(.text) for strlen
    key.o(.text) refers to stm32f4xx_rcc.o(.text) for RCC_AHB1PeriphClockCmd
    key.o(.text) refers to stm32f4xx_gpio.o(.text) for GPIO_Init
    key.o(.text) refers to delay.o(.text) for delay_ms
    key.o(.text) refers to key.o(.data) for .data
    led.o(.text) refers to stm32f4xx_rcc.o(.text) for RCC_AHB1PeriphClockCmd
    led.o(.text) refers to stm32f4xx_gpio.o(.text) for GPIO_Init
    timer.o(.text) refers to stm32f4xx_rcc.o(.text) for RCC_APB1PeriphClockCmd
    timer.o(.text) refers to stm32f4xx_tim.o(.text) for TIM_TimeBaseInit
    timer.o(.text) refers to misc.o(.text) for NVIC_Init
    lcd.o(.text) refers to delay.o(.text) for delay_us
    lcd.o(.text) refers to stm32f4xx_rcc.o(.text) for RCC_AHB1PeriphClockCmd
    lcd.o(.text) refers to stm32f4xx_gpio.o(.text) for GPIO_Init
    lcd.o(.text) refers to stm32f4xx_fsmc.o(.text) for FSMC_NORSRAMInit
    lcd.o(.text) refers to lcd.o(.bss) for .bss
    lcd.o(.text) refers to lcd.o(.data) for .data
    lan8720.o(.text) refers to stm32f4xx_rcc.o(.text) for RCC_AHB1PeriphClockCmd
    lan8720.o(.text) refers to stm32f4x7_eth.o(.text) for ETH_DeInit
    lan8720.o(.text) refers to misc.o(.text) for NVIC_Init
    lan8720.o(.text) refers to stm32f4xx_syscfg.o(.text) for SYSCFG_ETH_MediaInterfaceConfig
    lan8720.o(.text) refers to stm32f4xx_gpio.o(.text) for GPIO_Init
    lan8720.o(.text) refers to delay.o(.text) for delay_ms
    lan8720.o(.text) refers to lwip_comm.o(.text) for lwip_pkt_handle
    lan8720.o(.text) refers to malloc.o(.text) for myfree
    lan8720.o(.text) refers to stm32f4x7_eth.o(.data) for DMARxDescToGet
    lan8720.o(.text) refers to lan8720.o(.data) for .data
    sdio_sdcard.o(.text) refers to stm32f4xx_sdio.o(.text) for SDIO_GetFlagStatus
    sdio_sdcard.o(.text) refers to sdio_sdcard.o(.data) for .data
    sdio_sdcard.o(.text) refers to sdio_sdcard.o(.bss) for .bss
    sdio_sdcard.o(.text) refers to stm32f4xx_rcc.o(.text) for RCC_AHB1PeriphClockCmd
    sdio_sdcard.o(.text) refers to stm32f4xx_gpio.o(.text) for GPIO_Init
    sdio_sdcard.o(.text) refers to misc.o(.text) for NVIC_Init
    sdio_sdcard.o(.text) refers to stm32f4xx_dma.o(.text) for DMA_GetCmdStatus
    sdio_sdcard.o(.text) refers to sys.o(.emb_text) for INTX_DISABLE
    sdio_sdcard.o(.text) refers to rt_memcpy_v6.o(.text) for __aeabi_memcpy
    ws281x.o(.text) refers to stm32f4xx_dma.o(.text) for DMA_SetCurrDataCounter
    ws281x.o(.text) refers to stm32f4xx_tim.o(.text) for TIM_Cmd
    ws281x.o(.text) refers to stm32f4xx_rcc.o(.text) for RCC_AHB1PeriphClockCmd
    ws281x.o(.text) refers to stm32f4xx_gpio.o(.text) for GPIO_Init
    ws281x.o(.text) refers to delay.o(.text) for delay_ms
    ws281x.o(.text) refers to ws281x.o(.bss) for .bss
    startup_stm32f40_41xxx.o(STACK) refers (Special) to heapauxi.o(.text) for __use_two_region_memory
    startup_stm32f40_41xxx.o(HEAP) refers (Special) to heapauxi.o(.text) for __use_two_region_memory
    startup_stm32f40_41xxx.o(RESET) refers (Special) to heapauxi.o(.text) for __use_two_region_memory
    startup_stm32f40_41xxx.o(RESET) refers to startup_stm32f40_41xxx.o(STACK) for __initial_sp
    startup_stm32f40_41xxx.o(RESET) refers to startup_stm32f40_41xxx.o(.text) for Reset_Handler
    startup_stm32f40_41xxx.o(RESET) refers to stm32f4xx_it.o(.text) for NMI_Handler
    startup_stm32f40_41xxx.o(RESET) refers to os_cpu_a.o(CODE) for PendSV_Handler
    startup_stm32f40_41xxx.o(RESET) refers to timer.o(.text) for TIM3_IRQHandler
    startup_stm32f40_41xxx.o(RESET) refers to usmart.o(.text) for TIM4_IRQHandler
    startup_stm32f40_41xxx.o(RESET) refers to usart.o(.text) for USART1_IRQHandler
    startup_stm32f40_41xxx.o(RESET) refers to sdio_sdcard.o(.text) for SDIO_IRQHandler
[...]
    lwip_fcntl                               0x08011471   Thumb Code    78  sockets.o(.text)
    tcpip_input                              0x08011575   Thumb Code    76  tcpip.o(.text)
    tcpip_callback_with_block                0x080115c1   Thumb Code    88  tcpip.o(.text)
    tcpip_timeout                            0x08011619   Thumb Code    58  tcpip.o(.text)
    tcpip_untimeout                          0x08011653   Thumb Code    54  tcpip.o(.text)
    tcpip_apimsg                             0x08011689   Thumb Code    58  tcpip.o(.text)
    tcpip_callbackmsg_new                    0x080116c3   Thumb Code    28  tcpip.o(.text)
    tcpip_callbackmsg_delete                 0x080116df   Thumb Code     8  tcpip.o(.text)
    tcpip_trycallback                        0x080116e7   Thumb Code    30  tcpip.o(.text)
    tcpip_init                               0x08011705   Thumb Code    62  tcpip.o(.text)
    pbuf_free_callback                       0x08011747   Thumb Code     8  tcpip.o(.text)
    mem_free_callback                        0x0801174f   Thumb Code     8  tcpip.o(.text)
    mymemcpy                                 0x08011811   Thumb Code    18  malloc.o(.text)
    mymemset                                 0x08011823   Thumb Code    14  malloc.o(.text)
    mymem_init                               0x08011831   Thumb Code    52  malloc.o(.text)
    mem_perused                              0x08011865   Thumb Code    48  malloc.o(.text)
    mymem_malloc                             0x08011895   Thumb Code   150  malloc.o(.text)
    mymem_free                               0x0801192b   Thumb Code    84  malloc.o(.text)
    myfree                                   0x0801197f   Thumb Code    18  malloc.o(.text)
    mymalloc                                 0x08011991   Thumb Code    30  malloc.o(.text)
    myrealloc                                0x080119af   Thumb Code    60  malloc.o(.text)
    BSP_CPU_ClkFreq                          0x080119f5   Thumb Code    14  bsp.o(.text)
    CPU_TS_TmrInit                           0x08011a03   Thumb Code    38  bsp.o(.text)
    CPU_TS_TmrRd                             0x08011a29   Thumb Code     6  bsp.o(.text)
    CPU_TS32_to_uSec                         0x08011a2f   Thumb Code    32  bsp.o(.text)
    CPU_NameClr                              0x08011a5d   Thumb Code    26  cpu_core.o(.text)
    CPU_Init                                 0x08011a83   Thumb Code    12  cpu_core.o(.text)
    CPU_SW_Exception                         0x08011a8f   Thumb Code     2  cpu_core.o(.text)
    CPU_NameGet                              0x08011a91   Thumb Code    50  cpu_core.o(.text)
    CPU_NameSet                              0x08011ac3   Thumb Code    70  cpu_core.o(.text)
    CPU_TS_Get32                             0x08011b09   Thumb Code     4  cpu_core.o(.text)
    CPU_TS_Update                            0x08011b0d   Thumb Code     2  cpu_core.o(.text)
    CPU_TS_TmrFreqGet                        0x08011b0f   Thumb Code    30  cpu_core.o(.text)
    CPU_TS_TmrFreqSet                        0x08011b2d   Thumb Code     6  cpu_core.o(.text)
    CPU_CntLeadZeros08                       0x08011b33   Thumb Code    10  cpu_core.o(.text)
    CPU_CntLeadZeros16                       0x08011b3d   Thumb Code    10  cpu_core.o(.text)
    CPU_CntLeadZeros32                       0x08011b47   Thumb Code     4  cpu_core.o(.text)
    CPU_CntLeadZeros64                       0x08011b4b   Thumb Code   154  cpu_core.o(.text)
    CPU_CntTrailZeros08                      0x08011be5   Thumb Code    12  cpu_core.o(.text)
    CPU_CntTrailZeros16                      0x08011bf1   Thumb Code    12  cpu_core.o(.text)
    CPU_CntTrailZeros32                      0x08011bfd   Thumb Code    12  cpu_core.o(.text)
    CPU_CntTrailZeros64                      0x08011c09   Thumb Code    40  cpu_core.o(.text)
    CPU_IntDis                               0x08011c3d   Thumb Code     0  cpu_a.o(.text)
    CPU_IntEn                                0x08011c41   Thumb Code     0  cpu_a.o(.text)
    CPU_SR_Save                              0x08011c45   Thumb Code     0  cpu_a.o(.text)
    CPU_SR_Restore                           0x08011c4d   Thumb Code     0  cpu_a.o(.text)
    CPU_WaitForInt                           0x08011c53   Thumb Code     0  cpu_a.o(.text)
    CPU_WaitForExcept                        0x08011c57   Thumb Code     0  cpu_a.o(.text)
    CPU_CntLeadZeros                         0x08011c5b   Thumb Code     0  cpu_a.o(.text)
    CPU_CntTrailZeros                        0x08011c61   Thumb Code     0  cpu_a.o(.text)
    CPU_RevBits                              0x08011c6b   Thumb Code     0  cpu_a.o(.text)
    ASCII_IsAlpha                            0x08011c71   Thumb Code    22  lib_ascii.o(.text)
    ASCII_IsAlphaNum                         0x08011c87   Thumb Code    28  lib_ascii.o(.text)
    ASCII_IsLower                            0x08011ca3   Thumb Code    14  lib_ascii.o(.text)
    ASCII_IsUpper                            0x08011cb1   Thumb Code    14  lib_ascii.o(.text)
    ASCII_IsDig                              0x08011cbf   Thumb Code    14  lib_ascii.o(.text)
    ASCII_IsDigOct                           0x08011ccd   Thumb Code    14  lib_ascii.o(.text)
    ASCII_IsDigHex                           0x08011cdb   Thumb Code    28  lib_ascii.o(.text)
    ASCII_IsBlank                            0x08011cf7   Thumb Code    16  lib_ascii.o(.text)
    ASCII_IsSpace                            0x08011d07   Thumb Code    32  lib_ascii.o(.text)
    ASCII_IsPrint                            0x08011d27   Thumb Code    14  lib_ascii.o(.text)
    ASCII_IsGraph                            0x08011d35   Thumb Code    14  lib_ascii.o(.text)
    ASCII_IsPunct                            0x08011d43   Thumb Code    58  lib_ascii.o(.text)
    ASCII_IsCtrl                             0x08011d7d   Thumb Code    22  lib_ascii.o(.text)
    ASCII_ToLower                            0x08011d93   Thumb Code    14  lib_ascii.o(.text)
    ASCII_ToUpper                            0x08011da1   Thumb Code    14  lib_ascii.o(.text)
    ASCII_Cmp                                0x08011daf   Thumb Code    28  lib_ascii.o(.text)
    Mem_Init                                 0x08011dcd   Thumb Code    54  lib_mem.o(.text)
    Mem_Set                                  0x08011e03   Thumb Code    62  lib_mem.o(.text)
    Mem_Clr                                  0x08011e41   Thumb Code     6  lib_mem.o(.text)
    Mem_Move                                 0x08011e47   Thumb Code   118  lib_mem.o(.text)
    Mem_Cmp                                  0x08011ebd   Thumb Code   142  lib_mem.o(.text)
    Mem_HeapAlloc                            0x08011fab   Thumb Code   124  lib_mem.o(.text)
    Mem_SegGetSizeRem                        0x08012027   Thumb Code    64  lib_mem.o(.text)
    Mem_HeapGetSizeRem                       0x08012067   Thumb Code     8  lib_mem.o(.text)
    Mem_PoolClr                              0x0801206f   Thumb Code    60  lib_mem.o(.text)
    Mem_PoolCreate                           0x080120ab   Thumb Code   680  lib_mem.o(.text)
    Mem_PoolBlkGetNbrAvail                   0x08012353   Thumb Code    26  lib_mem.o(.text)
    Mem_PoolBlkGet                           0x0801236d   Thumb Code    72  lib_mem.o(.text)
    Mem_PoolBlkGetUsedAtIx                   0x080123b5   Thumb Code    72  lib_mem.o(.text)
    Mem_PoolBlkFree                          0x080123fd   Thumb Code   106  lib_mem.o(.text)
    Mem_PoolBlkIxGet                         0x08012467   Thumb Code   110  lib_mem.o(.text)
    Str_Len_N                                0x080124dd   Thumb Code    22  lib_str.o(.text)
    Str_Len                                  0x080124f3   Thumb Code     6  lib_str.o(.text)
    Str_Copy_N                               0x080124f9   Thumb Code    60  lib_str.o(.text)
    Str_Copy                                 0x08012535   Thumb Code     6  lib_str.o(.text)
    Str_Cat_N                                0x0801253b   Thumb Code    78  lib_str.o(.text)
    Str_Cat                                  0x08012589   Thumb Code     6  lib_str.o(.text)
    Str_Cmp_N                                0x0801258f   Thumb Code   118  lib_str.o(.text)
    Str_Cmp                                  0x08012605   Thumb Code     6  lib_str.o(.text)
    Str_CmpIgnoreCase_N                      0x0801260b   Thumb Code   178  lib_str.o(.text)
    Str_CmpIgnoreCase                        0x080126bd   Thumb Code     6  lib_str.o(.text)
    Str_Char_N                               0x080126c3   Thumb Code    62  lib_str.o(.text)
    Str_Char                                 0x08012701   Thumb Code     8  lib_str.o(.text)
    Str_Char_Last_N                          0x08012709   Thumb Code    60  lib_str.o(.text)
    Str_Char_Last                            0x08012745   Thumb Code     8  lib_str.o(.text)
    Str_Char_Replace_N                       0x0801274d   Thumb Code    46  lib_str.o(.text)
    Str_Char_Replace                         0x0801277b   Thumb Code     6  lib_str.o(.text)
    Str_Str_N                                0x08012781   Thumb Code   148  lib_str.o(.text)
    Str_Str                                  0x08012815   Thumb Code     6  lib_str.o(.text)
    Str_FmtNbr_Int32U                        0x08012995   Thumb Code    26  lib_str.o(.text)
    Str_FmtNbr_Int32S                        0x080129af   Thumb Code    42  lib_str.o(.text)
    Str_ParseNbr_Int32U                      0x08012b4b   Thumb Code    12  lib_str.o(.text)
    Str_ParseNbr_Int32S                      0x08012b57   Thumb Code    42  lib_str.o(.text)
    Mem_Copy                                 0x08012b85   Thumb Code     0  lib_mem_a.o(.text)
    OSCfg_Init                               0x08012da5   Thumb Code     2  os_cfg_app.o(.text)
    OS_IdleTask                              0x08012da9   Thumb Code    30  os_core.o(.text)
    OS_IdleTaskInit                          0x08012dc7   Thumb Code    62  os_core.o(.text)
    OS_RdyListInit                           0x08012e05   Thumb Code    30  os_core.o(.text)
    OSInit                                   0x08012e23   Thumb Code   282  os_core.o(.text)
    OSIntEnter                               0x08012f3d   Thumb Code    22  os_core.o(.text)
    OSIntExit                                0x08012f53   Thumb Code   138  os_core.o(.text)
    OSSched                                  0x08012fdd   Thumb Code    96  os_core.o(.text)
    OS_SchedLockTimeMeasStart                0x0801303d   Thumb Code    20  os_core.o(.text)
    OSSchedLock                              0x08013051   Thumb Code    80  os_core.o(.text)
    OS_SchedLockTimeMeasStop                 0x080130a1   Thumb Code    42  os_core.o(.text)
    OSSchedUnlock                            0x080130cb   Thumb Code   100  os_core.o(.text)
    OSSchedRoundRobinCfg                     0x0801312f   Thumb Code    60  os_core.o(.text)
    OS_RdyListMoveHeadToTail                 0x0801316b   Thumb Code   204  os_core.o(.text)
    OSSchedRoundRobinYield                   0x08013237   Thumb Code   128  os_core.o(.text)
    OSStart                                  0x080132b7   Thumb Code    66  os_core.o(.text)
    OSVersion                                0x080132f9   Thumb Code    10  os_core.o(.text)
    OS_PendDbgNameAdd                        0x08013303   Thumb Code    60  os_core.o(.text)
    OS_PendListInsertPrio                    0x0801333f   Thumb Code    92  os_core.o(.text)
    OS_PendDataInit                          0x0801339b   Thumb Code    38  os_core.o(.text)
    OS_RdyListRemove                         0x080133c1   Thumb Code    80  os_core.o(.text)
    OS_TaskBlock                             0x08013411   Thumb Code    52  os_core.o(.text)
    OS_Pend                                  0x08013445   Thumb Code    72  os_core.o(.text)
    OS_PendListRemove1                       0x0801348d   Thumb Code    54  os_core.o(.text)
    OS_PendListRemove                        0x080134c3   Thumb Code    38  os_core.o(.text)
    OS_PendAbort1                            0x080134e9   Thumb Code    32  os_core.o(.text)
    OS_RdyListInsertHead                     0x08013509   Thumb Code    54  os_core.o(.text)
    OS_RdyListInsertTail                     0x0801353f   Thumb Code    52  os_core.o(.text)
    OS_RdyListInsert                         0x08013573   Thumb Code    40  os_core.o(.text)
    OS_TaskRdy                               0x0801359b   Thumb Code    28  os_core.o(.text)
    OS_PendAbort                             0x080135b7   Thumb Code   208  os_core.o(.text)
    OS_PendDbgNameRemove                     0x08013687   Thumb Code    34  os_core.o(.text)
    OS_PendListChangePrio                    0x080136a9   Thumb Code    50  os_core.o(.text)
    OS_PendListInit                          0x080136db   Thumb Code    10  os_core.o(.text)
    OS_PendListInsertHead                    0x080136e5   Thumb Code    34  os_core.o(.text)
    OS_PendObjDel1                           0x08013707   Thumb Code    32  os_core.o(.text)
    OS_PendObjDel                            0x08013727   Thumb Code   126  os_core.o(.text)
    OS_Post1                                 0x080137a5   Thumb Code    38  os_core.o(.text)
    OS_Post                                  0x080137cb   Thumb Code   152  os_core.o(.text)
    OS_SchedRoundRobin                       0x08013863   Thumb Code   136  os_core.o(.text)
    OS_Dbg_Init                              0x080138fd   Thumb Code     2  os_dbg.o(.text)
    OS_FlagDbgListAdd                        0x08013901   Thumb Code    28  os_flag.o(.text)
    OSFlagCreate                             0x0801391d   Thumb Code    90  os_flag.o(.text)
    OS_FlagClr                               0x08013977   Thumb Code    18  os_flag.o(.text)
    OS_FlagDbgListRemove                     0x08013989   Thumb Code    40  os_flag.o(.text)
    OSFlagDel                                0x080139b1   Thumb Code   246  os_flag.o(.text)
    OS_FlagBlock                             0x08013aa7   Thumb Code    28  os_flag.o(.text)
    OSFlagPend                               0x08013ac3   Thumb Code   936  os_flag.o(.text)
    OSFlagPendAbort                          0x08013e6b   Thumb Code   184  os_flag.o(.text)
    OSFlagPendGetFlagsRdy                    0x08013f23   Thumb Code    46  os_flag.o(.text)
    OS_FlagTaskRdy                           0x08013f51   Thumb Code    64  os_flag.o(.text)
    OS_FlagPost                              0x08013f91   Thumb Code   280  os_flag.o(.text)
    OSFlagPost                               0x080140a9   Thumb Code    92  os_flag.o(.text)
    OS_FlagInit                              0x08014105   Thumb Code    14  os_flag.o(.text)
    OS_MemDbgListAdd                         0x08014129   Thumb Code    24  os_mem.o(.text)
    OSMemCreate                              0x08014141   Thumb Code   176  os_mem.o(.text)
    OSMemGet                                 0x080141f1   Thumb Code    64  os_mem.o(.text)
    OSMemPut                                 0x08014231   Thumb Code    76  os_mem.o(.text)
    OS_MemInit                               0x0801427d   Thumb Code    14  os_mem.o(.text)
    OS_MsgPoolCreate                         0x0801429d   Thumb Code    46  os_msg.o(.text)
    OS_MsgPoolInit                           0x080142cb   Thumb Code    62  os_msg.o(.text)
    OS_MsgQFreeAll                           0x08014309   Thumb Code    50  os_msg.o(.text)
    OS_MsgQInit                              0x0801433b   Thumb Code    14  os_msg.o(.text)
    OS_MsgQGet                               0x08014349   Thumb Code    84  os_msg.o(.text)
    OS_MsgQPut                               0x0801439d   Thumb Code   136  os_msg.o(.text)
    OS_MutexDbgListAdd                       0x08014431   Thumb Code    28  os_mutex.o(.text)
    OSMutexCreate                            0x0801444d   Thumb Code    98  os_mutex.o(.text)
    OS_MutexClr                              0x080144af   Thumb Code    30  os_mutex.o(.text)
    OS_MutexDbgListRemove                    0x080144cd   Thumb Code    40  os_mutex.o(.text)
    OSMutexDel                               0x080144f5   Thumb Code   342  os_mutex.o(.text)
    OSMutexPend                              0x0801464b   Thumb Code   420  os_mutex.o(.text)
    OSMutexPendAbort                         0x080147ef   Thumb Code   226  os_mutex.o(.text)
    OSMutexPost                              0x080148d1   Thumb Code   288  os_mutex.o(.text)
    OS_MutexInit                             0x080149f1   Thumb Code    14  os_mutex.o(.text)
    OS_PrioInit                              0x08014a19   Thumb Code    18  os_prio.o(.text)
    OS_PrioGetHighest                        0x08014a2b   Thumb Code    32  os_prio.o(.text)
    OS_PrioInsert                            0x08014a4b   Thumb Code    28  os_prio.o(.text)
    OS_PrioRemove                            0x08014a67   Thumb Code    28  os_prio.o(.text)
    OS_QDbgListAdd                           0x08014a89   Thumb Code    28  os_q.o(.text)
    OSQCreate                                0x08014aa5   Thumb Code   106  os_q.o(.text)
    OS_QClr                                  0x08014b0f   Thumb Code    42  os_q.o(.text)
    OS_QDbgListRemove                        0x08014b39   Thumb Code    40  os_q.o(.text)
    OSQDel                                   0x08014b61   Thumb Code   246  os_q.o(.text)
    OSQFlush                                 0x08014c57   Thumb Code    84  os_q.o(.text)
    OSQPend                                  0x08014cab   Thumb Code   352  os_q.o(.text)
    OSQPendAbort                             0x08014e0b   Thumb Code   222  os_q.o(.text)
    OS_QPost                                 0x08014ee9   Thumb Code   126  os_q.o(.text)
    OSQPost                                  0x08014f67   Thumb Code   124  os_q.o(.text)
    OS_QInit                                 0x08014fe3   Thumb Code    14  os_q.o(.text)
    OS_SemDbgListAdd                         0x08014ffd   Thumb Code    28  os_sem.o(.text)
    OSSemCreate                              0x08015019   Thumb Code    92  os_sem.o(.text)
    OS_SemClr                                0x08015075   Thumb Code    20  os_sem.o(.text)
    OS_SemDbgListRemove                      0x08015089   Thumb Code    40  os_sem.o(.text)
    OSSemDel                                 0x080150b1   Thumb Code   246  os_sem.o(.text)
    OSSemPend                                0x080151a7   Thumb Code   320  os_sem.o(.text)
    OSSemPendAbort                           0x080152e7   Thumb Code   184  os_sem.o(.text)
    OS_SemPost                               0x0801539f   Thumb Code   182  os_sem.o(.text)
    OSSemPost                                0x08015455   Thumb Code    88  os_sem.o(.text)
    OSSemSet                                 0x080154ad   Thumb Code    90  os_sem.o(.text)
    OS_SemInit                               0x08015507   Thumb Code    14  os_sem.o(.text)
    OSStatReset                              0x08015525   Thumb Code   152  os_stat.o(.text)
    OSStatTaskCPUUsageInit                   0x080155bd   Thumb Code   142  os_stat.o(.text)
    OS_StatTask                              0x0801564b   Thumb Code   458  os_stat.o(.text)
    OS_StatTaskInit                          0x08015815   Thumb Code   126  os_stat.o(.text)
    OSTaskChangePrio                         0x08015915   Thumb Code   192  os_task.o(.text)
    OS_TaskDbgListAdd                        0x080159d5   Thumb Code    32  os_task.o(.text)
    OS_TaskInitTCB                           0x080159f5   Thumb Code   164  os_task.o(.text)
    OSTaskCreate                             0x08015a99   Thumb Code   358  os_task.o(.text)
    OS_TaskDbgListRemove                     0x08015bff   Thumb Code    58  os_task.o(.text)
    OSTaskDel                                0x08015c39   Thumb Code   240  os_task.o(.text)
    OSTaskQFlush                             0x08015d29   Thumb Code    68  os_task.o(.text)
    OSTaskQPend                              0x08015d6d   Thumb Code   330  os_task.o(.text)
    OSTaskQPendAbort                         0x08015eb7   Thumb Code   138  os_task.o(.text)
    OS_TaskQPost                             0x08015f41   Thumb Code   166  os_task.o(.text)
    OSTaskQPost                              0x08015fe7   Thumb Code    68  os_task.o(.text)
    OSTaskRegGet                             0x0801602b   Thumb Code    44  os_task.o(.text)
    OSTaskRegGetID                           0x08016057   Thumb Code    42  os_task.o(.text)
    OSTaskRegSet                             0x08016081   Thumb Code    42  os_task.o(.text)
    OS_TaskResume                            0x080160ab   Thumb Code   202  os_task.o(.text)
    OSTaskResume                             0x08016175   Thumb Code    62  os_task.o(.text)
    OSTaskSemPend                            0x080161b3   Thumb Code   306  os_task.o(.text)
    OSTaskSemPendAbort                       0x080162e5   Thumb Code   142  os_task.o(.text)
    OS_TaskSemPost                           0x08016373   Thumb Code   180  os_task.o(.text)
    OSTaskSemPost                            0x08016427   Thumb Code    46  os_task.o(.text)
    OSTaskSemSet                             0x08016455   Thumb Code    54  os_task.o(.text)
    OSTaskStkChk                             0x0801648b   Thumb Code   160  os_task.o(.text)
    OS_TaskSuspend                           0x0801652b   Thumb Code   198  os_task.o(.text)
    OSTaskSuspend                            0x080165f1   Thumb Code    32  os_task.o(.text)
    OSTaskTimeQuantaSet                      0x08016611   Thumb Code    70  os_task.o(.text)
    OS_TaskInit                              0x08016657   Thumb Code    18  os_task.o(.text)
    OS_TaskReturn                            0x08016669   Thumb Code    20  os_task.o(.text)
    OS_TickListRemove                        0x08016699   Thumb Code    54  os_tick.o(.text)
    OS_TickListUpdate                        0x080166cf   Thumb Code   288  os_tick.o(.text)
    OS_TickTask                              0x080167ef   Thumb Code    36  os_tick.o(.text)
    OS_TickListInit                          0x08016813   Thumb Code    34  os_tick.o(.text)
    OS_TickTaskInit                          0x08016835   Thumb Code   118  os_tick.o(.text)
    OS_TickListInsert                        0x080168ab   Thumb Code   228  os_tick.o(.text)
    OS_TickListResetPeak                     0x0801698f   Thumb Code    30  os_tick.o(.text)
    OSTimeDly                                0x080169ed   Thumb Code   136  os_time.o(.text)
    OSTimeDlyHMSM                            0x08016a75   Thumb Code   306  os_time.o(.text)
    OSTimeDlyResume                          0x08016ba7   Thumb Code   214  os_time.o(.text)
    OSTimeGet                                0x08016c7d   Thumb Code    24  os_time.o(.text)
    OSTimeSet                                0x08016c95   Thumb Code    24  os_time.o(.text)
    OSTimeTick                               0x08016cad   Thumb Code    64  os_time.o(.text)
    OS_TmrDbgListAdd                         0x08016d19   Thumb Code    24  os_tmr.o(.text)
    OSTmrCreate                              0x08016d31   Thumb Code   156  os_tmr.o(.text)
    OS_TmrClr                                0x08016dcd   Thumb Code    34  os_tmr.o(.text)
    OS_TmrUnlink                             0x08016def   Thumb Code    68  os_tmr.o(.text)
    OS_TmrDbgListRemove                      0x08016e33   Thumb Code    40  os_tmr.o(.text)
    OSTmrDel                                 0x08016e5b   Thumb Code   168  os_tmr.o(.text)
    OSTmrRemainGet                           0x08016f03   Thumb Code   180  os_tmr.o(.text)
    OS_TmrLink                               0x08016fb7   Thumb Code   166  os_tmr.o(.text)
    OSTmrStart                               0x0801705d   Thumb Code   200  os_tmr.o(.text)
    OSTmrStateGet                            0x08017125   Thumb Code    96  os_tmr.o(.text)
    OSTmrStop                                0x08017185   Thumb Code   212  os_tmr.o(.text)
    OS_TmrTask                               0x08017259   Thumb Code   160  os_tmr.o(.text)
    OS_TmrInit                               0x080172f9   Thumb Code   184  os_tmr.o(.text)
    OS_TmrResetPeak                          0x080173b1   Thumb Code    30  os_tmr.o(.text)
    OSIdleTaskHook                           0x0801742d   Thumb Code    12  os_cpu_c.o(.text)
    OSInitHook                               0x08017439   Thumb Code    22  os_cpu_c.o(.text)
    OSStatTaskHook                           0x0801744f   Thumb Code    12  os_cpu_c.o(.text)
    OSTaskCreateHook                         0x0801745b   Thumb Code    12  os_cpu_c.o(.text)
    OSTaskDelHook                            0x08017467   Thumb Code    12  os_cpu_c.o(.text)
    OSTaskReturnHook                         0x08017473   Thumb Code    12  os_cpu_c.o(.text)
    OSTaskStkInit                            0x0801747f   Thumb Code   268  os_cpu_c.o(.text)
    OSTaskSwHook                             0x0801758b   Thumb Code    70  os_cpu_c.o(.text)
    OSTimeTickHook                           0x080175d1   Thumb Code    12  os_cpu_c.o(.text)
    OS_CPU_SysTickHandler                    0x080175dd   Thumb Code    30  os_cpu_c.o(.text)
    OS_CPU_SysTickInit                       0x080175fb   Thumb Code    36  os_cpu_c.o(.text)
    __use_no_semihosting                     0x08017661   Thumb Code     2  use_no_semi_2.o(.text)
    __rt_ctype_table                         0x08017665   Thumb Code    16  rt_ctype_table.o(.text)
    __aeabi_uldivmod                         0x08017675   Thumb Code     0  lludivv7m.o(.text)
    _ll_udiv                                 0x08017675   Thumb Code   238  lludivv7m.o(.text)
    __2printf                                0x08017765   Thumb Code    20  noretval__2printf.o(.text)
    _printf_pre_padding                      0x0801777d   Thumb Code    44  _printf_pad.o(.text)
    _printf_post_padding                     0x080177a9   Thumb Code    34  _printf_pad.o(.text)
    _printf_str                              0x080177cb   Thumb Code    82  _printf_str.o(.text)
    _printf_int_dec                          0x0801781d   Thumb Code   104  _printf_dec.o(.text)
    _printf_int_hex                          0x08017895   Thumb Code    84  _printf_hex_int.o(.text)
    _printf_longlong_hex                     0x08017895   Thumb Code     0  _printf_hex_int.o(.text)
    __printf                                 0x080178ed   Thumb Code   388  __printf_flags_ss_wp.o(.text)
    memcmp                                   0x08017a75   Thumb Code    88  memcmp.o(.text)
    strlen                                   0x08017acd   Thumb Code    62  strlen.o(.text)
    __aeabi_memcpy                           0x08017b0b   Thumb Code     0  rt_memcpy_v6.o(.text)
    __rt_memcpy                              0x08017b0b   Thumb Code   138  rt_memcpy_v6.o(.text)
    _memcpy_lastbytes                        0x08017b71   Thumb Code     0  rt_memcpy_v6.o(.text)
    __aeabi_memclr                           0x08017b95   Thumb Code     0  rt_memclr.o(.text)
    __rt_memclr                              0x08017b95   Thumb Code    68  rt_memclr.o(.text)
    _memset                                  0x08017b99   Thumb Code     0  rt_memclr.o(.text)
    __aeabi_memclr4                          0x08017bd9   Thumb Code     0  rt_memclr_w.o(.text)
    __aeabi_memclr8                          0x08017bd9   Thumb Code     0  rt_memclr_w.o(.text)
    __rt_memclr_w                            0x08017bd9   Thumb Code    78  rt_memclr_w.o(.text)
    _memset_w                                0x08017bdd   Thumb Code     0  rt_memclr_w.o(.text)
    strcmp                                   0x08017c29   Thumb Code   128  strcmpv7m.o(.text)
    __use_two_region_memory                  0x08017ca9   Thumb Code     2  heapauxi.o(.text)
    __rt_heap_escrow$2region                 0x08017cab   Thumb Code     2  heapauxi.o(.text)
    __rt_heap_expand$2region                 0x08017cad   Thumb Code     2  heapauxi.o(.text)
    __I$use$semihosting                      0x08017caf   Thumb Code     0  use_no_semi.o(.text)
    __use_no_semihosting_swi                 0x08017caf   Thumb Code     2  use_no_semi.o(.text)
    __rt_locale                              0x08017cb1   Thumb Code     8  rt_locale_intlibspace.o(.text)
    _printf_int_common                       0x08017cb9   Thumb Code   178  _printf_intcommon.o(.text)
    _printf_cs_common                        0x08017d6b   Thumb Code    20  _printf_char.o(.text)
    _printf_char                             0x08017d7f   Thumb Code    16  _printf_char.o(.text)
    _printf_string                           0x08017d8f   Thumb Code     8  _printf_char.o(.text)
    _printf_char_file                        0x08017d99   Thumb Code    32  _printf_char_file.o(.text)
    __aeabi_memcpy4                          0x08017dbd   Thumb Code     0  rt_memcpy_w.o(.text)
    __aeabi_memcpy8                          0x08017dbd   Thumb Code     0  rt_memcpy_w.o(.text)
    __rt_memcpy_w                            0x08017dbd   Thumb Code   100  rt_memcpy_w.o(.text)
    _memcpy_lastbytes_aligned                0x08017e05   Thumb Code     0  rt_memcpy_w.o(.text)
    __user_libspace                          0x08017e21   Thumb Code     8  libspace.o(.text)
    __user_perproc_libspace                  0x08017e21   Thumb Code     0  libspace.o(.text)
    __user_perthread_libspace                0x08017e21   Thumb Code     0  libspace.o(.text)
    _printf_char_common                      0x08017e33   Thumb Code    32  _printf_char_common.o(.text)
    ferror                                   0x08017e59   Thumb Code     8  ferror.o(.text)
    __user_setup_stackheap                   0x08017e61   Thumb Code    74  sys_stackheap_outer.o(.text)
    exit                                     0x08017eab   Thumb Code    18  exit.o(.text)
    OSStartHighRdy                           0x08017ebd   Thumb Code     0  os_cpu_a.o(CODE)
    OSCtxSw                                  0x08017edf   Thumb Code     0  os_cpu_a.o(CODE)
    OSIntCtxSw                               0x08017ee9   Thumb Code     0  os_cpu_a.o(CODE)
    PendSV_Handler                           0x08017ef3   Thumb Code     0  os_cpu_a.o(CODE)
    _is_digit                                0x08017f69   Thumb Code    14  __printf_wp.o(i._is_digit)
    _get_lc_ctype                            0x08017f79   Thumb Code    44  lc_ctype_c.o(locale$$code)
    _fp_init                                 0x08017fa5   Thumb Code    10  fpinit.o(x$fpl$fpinit)
    __fplib_config_fpu_vfp                   0x08017fad   Thumb Code     0  fpinit.o(x$fpl$fpinit)
    __fplib_config_pureend_doubles           0x08017fad   Thumb Code     0  fpinit.o(x$fpl$fpinit)
    ethbroadcast                             0x08017fae   Data           6  etharp.o(.constdata)
    ethzero                                  0x08017fb4   Data           6  etharp.o(.constdata)
    tcp_persist_backoff                      0x08017ff4   Data           7  tcp.o(.constdata)
    tcp_state_str                            0x08017ffc   Data          44  tcp.o(.constdata)
    tcp_backoff                              0x08018028   Data          13  tcp.o(.constdata)
    tcp_pcb_lists                            0x08018038   Data          16  tcp.o(.constdata)
    pvNullPointer                            0x08018048   Data           4  sys_arch.o(.constdata)
    memtblsize                               0x0801808c   Data          12  malloc.o(.constdata)
    memblksize                               0x08018098   Data          12  malloc.o(.constdata)
    memsize                                  0x080180a4   Data          12  malloc.o(.constdata)
    OSCfg_StatTaskPrio                       0x08018244   Data           1  os_cfg_app.o(.constdata)
    OSCfg_TickTaskPrio                       0x08018245   Data           1  os_cfg_app.o(.constdata)
    OSCfg_TmrTaskPrio                        0x08018246   Data           1  os_cfg_app.o(.constdata)
    OSCfg_MsgPoolSize                        0x08018248   Data           2  os_cfg_app.o(.constdata)
    OSCfg_TickWheelSize                      0x0801824a   Data           2  os_cfg_app.o(.constdata)
    OSCfg_TmrWheelSize                       0x0801824c   Data           2  os_cfg_app.o(.constdata)
    OSCfg_IdleTaskStkBasePtr                 0x08018250   Data           4  os_cfg_app.o(.constdata)
    OSCfg_IdleTaskStkLimit                   0x08018254   Data           4  os_cfg_app.o(.constdata)
    OSCfg_IdleTaskStkSize                    0x08018258   Data           4  os_cfg_app.o(.constdata)
    OSCfg_IdleTaskStkSizeRAM                 0x0801825c   Data           4  os_cfg_app.o(.constdata)
    OSCfg_ISRStkBasePtr                      0x08018260   Data           4  os_cfg_app.o(.constdata)
    OSCfg_ISRStkSize                         0x08018264   Data           4  os_cfg_app.o(.constdata)
    OSCfg_ISRStkSizeRAM                      0x08018268   Data           4  os_cfg_app.o(.constdata)
    OSCfg_MsgPoolSizeRAM                     0x0801826c   Data           4  os_cfg_app.o(.constdata)
    OSCfg_MsgPoolBasePtr                     0x08018270   Data           4  os_cfg_app.o(.constdata)
    OSCfg_StatTaskRate_Hz                    0x08018274   Data           4  os_cfg_app.o(.constdata)
    OSCfg_StatTaskStkBasePtr                 0x08018278   Data           4  os_cfg_app.o(.constdata)
    OSCfg_StatTaskStkLimit                   0x0801827c   Data           4  os_cfg_app.o(.constdata)
    OSCfg_StatTaskStkSize                    0x08018280   Data           4  os_cfg_app.o(.constdata)
    OSCfg_StatTaskStkSizeRAM                 0x08018284   Data           4  os_cfg_app.o(.constdata)
    OSCfg_StkSizeMin                         0x08018288   Data           4  os_cfg_app.o(.constdata)
    OSCfg_TickRate_Hz                        0x0801828c   Data           4  os_cfg_app.o(.constdata)
    OSCfg_TickTaskStkBasePtr                 0x08018290   Data           4  os_cfg_app.o(.constdata)
    OSCfg_TickTaskStkLimit                   0x08018294   Data           4  os_cfg_app.o(.constdata)
    OSCfg_TickTaskStkSize                    0x08018298   Data           4  os_cfg_app.o(.constdata)
    OSCfg_TickTaskStkSizeRAM                 0x0801829c   Data           4  os_cfg_app.o(.constdata)
    OSCfg_TickWheelSizeRAM                   0x080182a0   Data           4  os_cfg_app.o(.constdata)
    OSCfg_TmrTaskRate_Hz                     0x080182a4   Data           4  os_cfg_app.o(.constdata)
    OSCfg_TmrTaskStkBasePtr                  0x080182a8   Data           4  os_cfg_app.o(.constdata)
    OSCfg_TmrTaskStkLimit                    0x080182ac   Data           4  os_cfg_app.o(.constdata)
    OSCfg_TmrTaskStkSize                     0x080182b0   Data           4  os_cfg_app.o(.constdata)
    OSCfg_TmrTaskStkSizeRAM                  0x080182b4   Data           4  os_cfg_app.o(.constdata)
    OSCfg_TmrWheelSizeRAM                    0x080182b8   Data           4  os_cfg_app.o(.constdata)
    OSCfg_DataSizeRAM                        0x080182bc   Data           4  os_cfg_app.o(.constdata)
    Region$$Table$$Base                      0x08018540   Number         0  anon$$obj.o(Region$$Table)
    Region$$Table$$Limit                     0x08018560   Number         0  anon$$obj.o(Region$$Table)
    __ctype                                  0x0801856d   Data           0  lc_ctype_c.o(locale$$data)
    mem3base                                 0x10000000   Data       61440  malloc.o(.ARM.__AT_0x10000000)
    mem3mapbase                              0x1000f000   Data        3840  malloc.o(.ARM.__AT_0x1000F000)
    SystemCoreClock                          0x20000000   Data           4  system_stm32f4xx.o(.data)
    AHBPrescTable                            0x20000004   Data          16  system_stm32f4xx.o(.data)
    DMARxDscrTab                             0x20000014   Data           4  lan8720.o(.data)
    DMATxDscrTab                             0x20000018   Data           4  lan8720.o(.data)
    Rx_Buff                                  0x2000001c   Data           4  lan8720.o(.data)
    Tx_Buff                                  0x20000020   Data           4  lan8720.o(.data)
    TransferError                            0x20000027   Data           1  sdio_sdcard.o(.data)
    TransferEnd                              0x20000028   Data           1  sdio_sdcard.o(.data)
    tempbuff                                 0x20000030   Data           4  sdio_sdcard.o(.data)
    DMATxDescToSet                           0x20000044   Data           4  stm32f4x7_eth.o(.data)
    DMARxDescToGet                           0x20000048   Data           4  stm32f4x7_eth.o(.data)
    DMA_RX_FRAME_infos                       0x2000004c   Data           4  stm32f4x7_eth.o(.data)
    USART_RX_STA                             0x20000054   Data           2  usart.o(.data)
    __stdout                                 0x20000058   Data           4  usart.o(.data)
    sys_cmd_tab                              0x2000005c   Data          28  usmart.o(.data)
    usmart_nametab                           0x20000078   Data          48  usmart_config.o(.data)
    usmart_dev                               0x200000a8   Data         244  usmart_config.o(.data)
    TCPIP_THREAD_TASK_STK                    0x2000019c   Data           4  lwip_comm.o(.data)
    LWIP_DHCP_TASK_STK                       0x200001a0   Data           4  lwip_comm.o(.data)
    current_netif                            0x200001ac   Data           4  ip.o(.data)
    current_header                           0x200001b0   Data           4  ip.o(.data)
    current_iphdr_src                        0x200001b4   Data           4  ip.o(.data)
    current_iphdr_dest                       0x200001b8   Data           4  ip.o(.data)
    memp_memory                              0x200001c4   Data           4  memp.o(.data)
    netif_list                               0x200001cc   Data           4  netif.o(.data)
    netif_default                            0x200001d0   Data           4  netif.o(.data)
    tcp_active_pcbs_changed                  0x200001d8   Data           1  tcp.o(.data)
    tcp_ticks                                0x200001e4   Data           4  tcp.o(.data)
    tcp_bound_pcbs                           0x200001e8   Data           4  tcp.o(.data)
    tcp_listen_pcbs                          0x200001ec   Data           4  tcp.o(.data)
    tcp_active_pcbs                          0x200001f0   Data           4  tcp.o(.data)
    tcp_tw_pcbs                              0x200001f4   Data           4  tcp.o(.data)
    tcp_tmp_pcb                              0x200001f8   Data           4  tcp.o(.data)
    tcp_input_pcb                            0x20000214   Data           4  tcp_in.o(.data)
    udp_pcbs                                 0x20000224   Data           4  udp.o(.data)
    ram_heap                                 0x20000228   Data           4  mem.o(.data)
    mallco_dev                               0x20000248   Data          36  malloc.o(.data)
    CPU_TS_TmrFreq_Hz                        0x2000026c   Data           4  cpu_core.o(.data)
    Mem_PoolTbl                              0x20000270   Data           4  lib_mem.o(.data)
    OSPrioTbl                                0x20000274   Data           4  os_prio.o(.data)
    OS_AppTaskCreateHookPtr                  0x20000278   Data           4  os_var.o(.data)
    OS_AppTaskDelHookPtr                     0x2000027c   Data           4  os_var.o(.data)
    OS_AppTaskReturnHookPtr                  0x20000280   Data           4  os_var.o(.data)
    OS_AppIdleTaskHookPtr                    0x20000284   Data           4  os_var.o(.data)
    OS_AppStatTaskHookPtr                    0x20000288   Data           4  os_var.o(.data)
    OS_AppTaskSwHookPtr                      0x2000028c   Data           4  os_var.o(.data)
    OS_AppTimeTickHookPtr                    0x20000290   Data           4  os_var.o(.data)
    OSIdleTaskCtr                            0x20000294   Data           4  os_var.o(.data)
    OSIntNestingCtr                          0x20000298   Data           1  os_var.o(.data)
    OSRunning                                0x20000299   Data           1  os_var.o(.data)
    OSFlagDbgListPtr                         0x2000029c   Data           4  os_var.o(.data)
    OSFlagQty                                0x200002a0   Data           2  os_var.o(.data)
    OSMemDbgListPtr                          0x200002a4   Data           4  os_var.o(.data)
    OSMemQty                                 0x200002a8   Data           2  os_var.o(.data)
    OSMutexDbgListPtr                        0x200002ac   Data           4  os_var.o(.data)
    OSMutexQty                               0x200002b0   Data           2  os_var.o(.data)
    OSPrioCur                                0x200002b2   Data           1  os_var.o(.data)
    OSPrioHighRdy                            0x200002b3   Data           1  os_var.o(.data)
    OSPrioSaved                              0x200002b4   Data           1  os_var.o(.data)
    OSQDbgListPtr                            0x200002b8   Data           4  os_var.o(.data)
    OSQQty                                   0x200002bc   Data           2  os_var.o(.data)
    OSSchedLockTimeBegin                     0x200002c0   Data           4  os_var.o(.data)
    OSSchedLockTimeMax                       0x200002c4   Data           4  os_var.o(.data)
    OSSchedLockTimeMaxCur                    0x200002c8   Data           4  os_var.o(.data)
    OSSchedLockNestingCtr                    0x200002cc   Data           1  os_var.o(.data)
    OSSchedRoundRobinDfltTimeQuanta          0x200002d0   Data           4  os_var.o(.data)
    OSSchedRoundRobinEn                      0x200002d4   Data           1  os_var.o(.data)
    OSSemDbgListPtr                          0x200002d8   Data           4  os_var.o(.data)
    OSSemQty                                 0x200002dc   Data           2  os_var.o(.data)
    OSStatResetFlag                          0x200002de   Data           1  os_var.o(.data)
    OSStatTaskCPUUsage                       0x200002e0   Data           2  os_var.o(.data)
    OSStatTaskCPUUsageMax                    0x200002e2   Data           2  os_var.o(.data)
    OSStatTaskCtr                            0x200002e4   Data           4  os_var.o(.data)
    OSStatTaskCtrMax                         0x200002e8   Data           4  os_var.o(.data)
    OSStatTaskCtrRun                         0x200002ec   Data           4  os_var.o(.data)
    OSStatTaskRdy                            0x200002f0   Data           1  os_var.o(.data)
    OSStatTaskTimeMax                        0x200002f4   Data           4  os_var.o(.data)
    OSTaskCtxSwCtr                           0x200002f8   Data           4  os_var.o(.data)
    OSTaskDbgListPtr                         0x200002fc   Data           4  os_var.o(.data)
    OSTaskQty                                0x20000300   Data           2  os_var.o(.data)
    OSTaskRegNextAvailID                     0x20000302   Data           1  os_var.o(.data)
    OSTickCtr                                0x20000304   Data           4  os_var.o(.data)
    OSTickTaskTimeMax                        0x20000308   Data           4  os_var.o(.data)
    OSTmrDbgListPtr                          0x2000030c   Data           4  os_var.o(.data)
    OSTmrQty                                 0x20000310   Data           2  os_var.o(.data)
    OSTmrTaskTimeMax                         0x20000314   Data           4  os_var.o(.data)
    OSTmrTickCtr                             0x20000318   Data           4  os_var.o(.data)
    OSTmrUpdateCnt                           0x2000031c   Data           4  os_var.o(.data)
    OSTmrUpdateCtr                           0x20000320   Data           4  os_var.o(.data)
    OSTCBCurPtr                              0x20000324   Data           4  os_var.o(.data)
    OSTCBHighRdyPtr                          0x20000328   Data           4  os_var.o(.data)
    OS_CPU_ExceptStkBase                     0x2000032c   Data           4  os_cpu_c.o(.data)
    LedTaskTCB                               0x20000330   Data         196  main.o(.bss)
    LED_TASK_STK                             0x200003f4   Data         512  main.o(.bss)
    DisplayTaskTCB                           0x200005f4   Data         196  main.o(.bss)
    DISPLAY_TASK_STK                         0x200006b8   Data         512  main.o(.bss)
    StartTaskTCB                             0x200008b8   Data         196  main.o(.bss)
    SDIO_InitStructure                       0x20000980   Data          24  sdio_sdcard.o(.bss)
    SDIO_CmdInitStructure                    0x20000998   Data          20  sdio_sdcard.o(.bss)
    SDIO_DataInitStructure                   0x200009ac   Data          24  sdio_sdcard.o(.bss)
    SDCardInfo                               0x200009e8   Data          88  sdio_sdcard.o(.bss)
    SDIO_DATA_BUFFER                         0x20000a40   Data         512  sdio_sdcard.o(.bss)
    pixelBuffer                              0x20000c40   Data        2880  ws281x.o(.bss)
    RX_Frame_Descriptor                      0x20001780   Data          12  stm32f4x7_eth.o(.bss)
    USART_RX_BUF                             0x2000178c   Data         200  usart.o(.bss)
    lwipdev                                  0x20001854   Data          23  lwip_comm.o(.bss)
    lwip_netif                               0x2000186c   Data          48  lwip_comm.o(.bss)
    TcpipthreadTaskTCB                       0x200019e8   Data         196  sys_arch.o(.bss)
    mem1base                                 0x20001b3c   Data       102400  malloc.o(.bss)
    mem1mapbase                              0x2001ab3c   Data        6400  malloc.o(.bss)
    CPU_Name                                 0x2001c43c   Data          16  cpu_core.o(.bss)
    Mem_PoolHeap                             0x2001c44c   Data          72  lib_mem.o(.bss)
    Mem_Heap                                 0x2001c494   Data        1024  lib_mem.o(.bss)
    OSCfg_IdleTaskStk                        0x2001c894   Data         512  os_cfg_app.o(.bss)
    OSCfg_ISRStk                             0x2001ca94   Data         512  os_cfg_app.o(.bss)
    OSCfg_MsgPool                            0x2001cc94   Data        1600  os_cfg_app.o(.bss)
    OSCfg_StatTaskStk                        0x2001d2d4   Data         512  os_cfg_app.o(.bss)
    OSCfg_TickTaskStk                        0x2001d4d4   Data         512  os_cfg_app.o(.bss)
    OSCfg_TickWheel                          0x2001d6d4   Data         136  os_cfg_app.o(.bss)
    OSCfg_TmrTaskStk                         0x2001d75c   Data         512  os_cfg_app.o(.bss)
    OSCfg_TmrWheel                           0x2001d95c   Data         136  os_cfg_app.o(.bss)
    OSIdleTaskTCB                            0x2001d9e4   Data         196  os_var.o(.bss)
    OSMsgPool                                0x2001daa8   Data          12  os_var.o(.bss)
    OSRdyList                                0x2001dab4   Data         384  os_var.o(.bss)
    OSStatTaskTCB                            0x2001dc34   Data         196  os_var.o(.bss)
    OSTickTaskTCB                            0x2001dcf8   Data         196  os_var.o(.bss)
    OSTmrTaskTCB                             0x2001ddbc   Data         196  os_var.o(.bss)
    __libspace_start                         0x2001de80   Data          96  libspace.o(.bss)
    __temporary_stack_top$libspace           0x2001dee0   Data           0  libspace.o(.bss)
    mem2base                                 0x68000000   Data       204800  malloc.o(.ARM.__AT_0x68000000)
    mem2mapbase                              0x68032000   Data       12800  malloc.o(.ARM.__AT_0x68032000)



==============================================================================

Memory Map of the image

  Image Entry point : 0x08000189

  Load Region LR_IROM1 (Base: 0x08000000, Size: 0x000189a0, Max: 0x00080000, ABSOLUTE, COMPRESSED[0x00018708])

    Execution Region ER_IROM1 (Exec base: 0x08000000, Load base: 0x08000000, Size: 0x00018670, Max: 0x00080000, ABSOLUTE)

    Exec Addr    Load Addr    Size         Type   Attr      Idx    E Section Name        Object

    0x08000000   0x08000000   0x00000188   Data   RO          580    RESET               startup_stm32f40_41xxx.o
    0x08000188   0x08000188   0x00000008   Code   RO         2715  * !!!main             c_w.l(__main.o)
    0x08000190   0x08000190   0x00000034   Code   RO         2909    !!!scatter          c_w.l(__scatter.o)
    0x080001c4   0x080001c4   0x0000005a   Code   RO         2907    !!dczerorl2         c_w.l(__dczerorl2.o)
    0x0800021e   0x0800021e   0x00000002   PAD
    0x08000220   0x08000220   0x0000001c   Code   RO         2911    !!handler_zi        c_w.l(__scatter_zi.o)
    0x0800023c   0x0800023c   0x00000000   Code   RO         2698    .ARM.Collect$$_printf_percent$$00000000  c_w.l(_printf_percent.o)
    0x0800023c   0x0800023c   0x00000006   Code   RO         2696    .ARM.Collect$$_printf_percent$$00000009  c_w.l(_printf_d.o)
    0x08000242   0x08000242   0x00000006   Code   RO         2697    .ARM.Collect$$_printf_percent$$0000000A  c_w.l(_printf_u.o)
    0x08000248   0x08000248   0x00000006   Code   RO         2695    .ARM.Collect$$_printf_percent$$0000000C  c_w.l(_printf_x.o)
    0x0800024e   0x0800024e   0x00000006   Code   RO         2693    .ARM.Collect$$_printf_percent$$00000013  c_w.l(_printf_c.o)
    0x08000254   0x08000254   0x00000006   Code   RO         2694    .ARM.Collect$$_printf_percent$$00000014  c_w.l(_printf_s.o)
    0x0800025a   0x0800025a   0x00000004   Code   RO         2735    .ARM.Collect$$_printf_percent$$00000017  c_w.l(_printf_percent_end.o)
    0x0800025e   0x0800025e   0x00000002   Code   RO         2829    .ARM.Collect$$libinit$$00000000  c_w.l(libinit.o)
    0x08000260   0x08000260   0x00000004   Code   RO         2767    .ARM.Collect$$libinit$$00000001  c_w.l(libinit2.o)
    0x08000264   0x08000264   0x00000000   Code   RO         2770    .ARM.Collect$$libinit$$00000004  c_w.l(libinit2.o)
    0x08000264   0x08000264   0x00000000   Code   RO         2773    .ARM.Collect$$libinit$$0000000A  c_w.l(libinit2.o)
    0x08000264   0x08000264   0x00000000   Code   RO         2775    .ARM.Collect$$libinit$$0000000C  c_w.l(libinit2.o)
    0x08000264   0x08000264   0x00000000   Code   RO         2777    .ARM.Collect$$libinit$$0000000E  c_w.l(libinit2.o)
    0x08000264   0x08000264   0x00000006   Code   RO         2778    .ARM.Collect$$libinit$$0000000F  c_w.l(libinit2.o)
    0x0800026a   0x0800026a   0x00000000   Code   RO         2780    .ARM.Collect$$libinit$$00000011  c_w.l(libinit2.o)
    0x0800026a   0x0800026a   0x0000000c   Code   RO         2781    .ARM.Collect$$libinit$$00000012  c_w.l(libinit2.o)
    0x08000276   0x08000276   0x00000000   Code   RO         2782    .ARM.Collect$$libinit$$00000013  c_w.l(libinit2.o)
    0x08000276   0x08000276   0x00000000   Code   RO         2784    .ARM.Collect$$libinit$$00000015  c_w.l(libinit2.o)
    0x08000276   0x08000276   0x00000000   Code   RO         2786    .ARM.Collect$$libinit$$00000017  c_w.l(libinit2.o)
    0x08000276   0x08000276   0x00000000   Code   RO         2788    .ARM.Collect$$libinit$$00000019  c_w.l(libinit2.o)
    0x08000276   0x08000276   0x00000000   Code   RO         2790    .ARM.Collect$$libinit$$0000001B  c_w.l(libinit2.o)
    0x08000276   0x08000276   0x00000000   Code   RO         2792    .ARM.Collect$$libinit$$0000001D  c_w.l(libinit2.o)
    0x08000276   0x08000276   0x00000000   Code   RO         2794    .ARM.Collect$$libinit$$0000001F  c_w.l(libinit2.o)
    0x08000276   0x08000276   0x00000000   Code   RO         2796    .ARM.Collect$$libinit$$00000021  c_w.l(libinit2.o)
    0x08000276   0x08000276   0x00000000   Code   RO         2798    .ARM.Collect$$libinit$$00000023  c_w.l(libinit2.o)
    0x08000276   0x08000276   0x00000000   Code   RO         2800    .ARM.Collect$$libinit$$00000025  c_w.l(libinit2.o)
    0x08000276   0x08000276   0x00000000   Code   RO         2804    .ARM.Collect$$libinit$$0000002C  c_w.l(libinit2.o)
    0x08000276   0x08000276   0x00000000   Code   RO         2806    .ARM.Collect$$libinit$$0000002E  c_w.l(libinit2.o)
    0x08000276   0x08000276   0x00000000   Code   RO         2808    .ARM.Collect$$libinit$$00000030  c_w.l(libinit2.o)
    0x08000276   0x08000276   0x00000000   Code   RO         2810    .ARM.Collect$$libinit$$00000032  c_w.l(libinit2.o)
    0x08000276   0x08000276   0x00000002   Code   RO         2811    .ARM.Collect$$libinit$$00000033  c_w.l(libinit2.o)
    0x08000278   0x08000278   0x00000002   Code   RO         2872    .ARM.Collect$$libshutdown$$00000000  c_w.l(libshutdown.o)
    0x0800027a   0x0800027a   0x00000000   Code   RO         2888    .ARM.Collect$$libshutdown$$00000002  c_w.l(libshutdown2.o)
    0x0800027a   0x0800027a   0x00000000   Code   RO         2890    .ARM.Collect$$libshutdown$$00000004  c_w.l(libshutdown2.o)
    0x0800027a   0x0800027a   0x00000000   Code   RO         2892    .ARM.Collect$$libshutdown$$00000006  c_w.l(libshutdown2.o)
    0x0800027a   0x0800027a   0x00000000   Code   RO         2895    .ARM.Collect$$libshutdown$$00000009  c_w.l(libshutdown2.o)
    0x0800027a   0x0800027a   0x00000000   Code   RO         2898    .ARM.Collect$$libshutdown$$0000000C  c_w.l(libshutdown2.o)
    0x0800027a   0x0800027a   0x00000000   Code   RO         2900    .ARM.Collect$$libshutdown$$0000000E  c_w.l(libshutdown2.o)
    0x0800027a   0x0800027a   0x00000000   Code   RO         2903    .ARM.Collect$$libshutdown$$00000011  c_w.l(libshutdown2.o)
    0x0800027a   0x0800027a   0x00000002   Code   RO         2904    .ARM.Collect$$libshutdown$$00000012  c_w.l(libshutdown2.o)
    0x0800027c   0x0800027c   0x00000000   Code   RO         2719    .ARM.Collect$$rtentry$$00000000  c_w.l(__rtentry.o)
    0x0800027c   0x0800027c   0x00000000   Code   RO         2745    .ARM.Collect$$rtentry$$00000002  c_w.l(__rtentry2.o)
    0x0800027c   0x0800027c   0x00000006   Code   RO         2757    .ARM.Collect$$rtentry$$00000004  c_w.l(__rtentry4.o)
    0x08000282   0x08000282   0x00000000   Code   RO         2747    .ARM.Collect$$rtentry$$00000009  c_w.l(__rtentry2.o)
    0x08000282   0x08000282   0x00000004   Code   RO         2748    .ARM.Collect$$rtentry$$0000000A  c_w.l(__rtentry2.o)
    0x08000286   0x08000286   0x00000000   Code   RO         2750    .ARM.Collect$$rtentry$$0000000C  c_w.l(__rtentry2.o)
    0x08000286   0x08000286   0x00000008   Code   RO         2751    .ARM.Collect$$rtentry$$0000000D  c_w.l(__rtentry2.o)
    0x0800028e   0x0800028e   0x00000002   Code   RO         2832    .ARM.Collect$$rtexit$$00000000  c_w.l(rtexit.o)
    0x08000290   0x08000290   0x00000000   Code   RO         2847    .ARM.Collect$$rtexit$$00000002  c_w.l(rtexit2.o)
    0x08000290   0x08000290   0x00000004   Code   RO         2848    .ARM.Collect$$rtexit$$00000003  c_w.l(rtexit2.o)
    0x08000294   0x08000294   0x00000006   Code   RO         2849    .ARM.Collect$$rtexit$$00000004  c_w.l(rtexit2.o)
    0x0800029a   0x0800029a   0x00000002   PAD
    0x0800029c   0x0800029c   0x00000010   Code   RO          839    .emb_text           sys.o
    0x080002ac   0x080002ac   0x0000015c   Code   RO            3    .text               main.o
    0x08000408   0x08000408   0x0000000c   Code   RO          292    .text               stm32f4xx_it.o
    0x08000414   0x08000414   0x00000190   Code   RO          341    .text               system_stm32f4xx.o
    0x080005a4   0x080005a4   0x00000074   Code   RO          443    .text               timer.o
    0x08000618   0x08000618   0x00000310   Code   RO          492    .text               lan8720.o
    0x08000928   0x08000928   0x000018f0   Code   RO          523    .text               sdio_sdcard.o
    0x08002218   0x08002218   0x00000370   Code   RO          557    .text               ws281x.o
    0x08002588   0x08002588   0x00000040   Code   RO          581    .text               startup_stm32f40_41xxx.o
    0x080025c8   0x080025c8   0x000000bc   Code   RO          587    .text               misc.o
    0x08002684   0x08002684   0x00000264   Code   RO          607    .text               stm32f4xx_gpio.o
    0x080028e8   0x080028e8   0x000004e0   Code   RO          627    .text               stm32f4xx_rcc.o
    0x08002dc8   0x08002dc8   0x00000078   Code   RO          649    .text               stm32f4xx_syscfg.o
    0x08002e40   0x08002e40   0x00000ac2   Code   RO          669    .text               stm32f4xx_tim.o
    0x08003902   0x08003902   0x00000002   PAD
    0x08003904   0x08003904   0x000003f4   Code   RO          689    .text               stm32f4xx_usart.o
    0x08003cf8   0x08003cf8   0x00000b74   Code   RO          709    .text               stm32f4x7_eth.o
    0x0800486c   0x0800486c   0x000001bc   Code   RO          777    .text               stm32f4xx_sdio.o
    0x08004a28   0x08004a28   0x00000344   Code   RO          797    .text               stm32f4xx_dma.o
    0x08004d6c   0x08004d6c   0x000000b4   Code   RO          817    .text               delay.o
    0x08004e20   0x08004e20   0x00000220   Code   RO          857    .text               usart.o
    0x08005040   0x08005040   0x00000b3c   Code   RO          889    .text               usmart.o
    0x08005b7c   0x08005b7c   0x00000444   Code   RO          935    .text               usmart_str.o
    0x08005fc0   0x08005fc0   0x000002bc   Code   RO         1086    .text               lwip_comm.o
    0x0800627c   0x0800627c   0x00000b00   Code   RO         1251    .text               etharp.o
    0x08006d7c   0x08006d7c   0x000001e8   Code   RO         1295    .text               ethernetif.o
    0x08006f64   0x08006f64   0x00000378   Code   RO         1351    .text               icmp.o
    0x080072dc   0x080072dc   0x00000248   Code   RO         1405    .text               inet_chksum.o
    0x08007524   0x08007524   0x00000354   Code   RO         1425    .text               ip.o
    0x08007878   0x08007878   0x00000294   Code   RO         1467    .text               ip_addr.o
    0x08007b0c   0x08007b0c   0x00000888   Code   RO         1505    .text               ip_frag.o
    0x08008394   0x08008394   0x00000026   Code   RO         1527    .text               def.o
    0x080083ba   0x080083ba   0x00000026   Code   RO         1575    .text               init.o
    0x080083e0   0x080083e0   0x00000198   Code   RO         1613    .text               memp.o
    0x08008578   0x08008578   0x00000278   Code   RO         1655    .text               netif.o
    0x080087f0   0x080087f0   0x00000df8   Code   RO         1685    .text               pbuf.o
    0x080095e8   0x080095e8   0x00000208   Code   RO         1705    .text               raw.o
    0x080097f0   0x080097f0   0x00001094   Code   RO         1741    .text               tcp.o
    0x0800a884   0x0800a884   0x00001290   Code   RO         1773    .text               tcp_in.o
    0x0800bb14   0x0800bb14   0x00001068   Code   RO         1804    .text               tcp_out.o
    0x0800cb7c   0x0800cb7c   0x00000258   Code   RO         1825    .text               timers.o
    0x0800cdd4   0x0800cdd4   0x000004b0   Code   RO         1847    .text               udp.o
    0x0800d284   0x0800d284   0x000005f0   Code   RO         1873    .text               mem.o
    0x0800d874   0x0800d874   0x00000408   Code   RO         1897    .text               sys_arch.o
    0x0800dc7c   0x0800dc7c   0x00000a1c   Code   RO         1934    .text               api_lib.o
    0x0800e698   0x0800e698   0x00001510   Code   RO         1973    .text               api_msg.o
    0x0800fba8   0x0800fba8   0x00000344   Code   RO         2016    .text               netbuf.o
    0x0800feec   0x0800feec   0x000015dc   Code   RO         2067    .text               sockets.o
    0x080114c8   0x080114c8   0x00000348   Code   RO         2091    .text               tcpip.o
    0x08011810   0x08011810   0x000001e4   Code   RO         2123    .text               malloc.o
    0x080119f4   0x080119f4   0x00000068   Code   RO         2156    .text               bsp.o
    0x08011a5c   0x08011a5c   0x000001e0   Code   RO         2189    .text               cpu_core.o
    0x08011c3c   0x08011c3c   0x00000034   Code   RO         2216    .text               cpu_a.o
    0x08011c70   0x08011c70   0x0000015a   Code   RO         2219    .text               lib_ascii.o
    0x08011dca   0x08011dca   0x00000002   PAD
    0x08011dcc   0x08011dcc   0x00000710   Code   RO         2252    .text               lib_mem.o
    0x080124dc   0x080124dc   0x000006a8   Code   RO         2271    .text               lib_str.o
    0x08012b84   0x08012b84   0x00000220   Code   RO         2288    .text               lib_mem_a.o
    0x08012da4   0x08012da4   0x00000002   Code   RO         2291    .text               os_cfg_app.o
    0x08012da6   0x08012da6   0x00000002   PAD
    0x08012da8   0x08012da8   0x00000b54   Code   RO         2325    .text               os_core.o
    0x080138fc   0x080138fc   0x00000002   Code   RO         2337    .text               os_dbg.o
    0x080138fe   0x080138fe   0x00000002   PAD
    0x08013900   0x08013900   0x00000828   Code   RO         2354    .text               os_flag.o
    0x08014128   0x08014128   0x00000174   Code   RO         2372    .text               os_mem.o
    0x0801429c   0x0801429c   0x00000194   Code   RO         2384    .text               os_msg.o
    0x08014430   0x08014430   0x000005e8   Code   RO         2396    .text               os_mutex.o
    0x08014a18   0x08014a18   0x00000070   Code   RO         2414    .text               os_prio.o
    0x08014a88   0x08014a88   0x00000574   Code   RO         2433    .text               os_q.o
    0x08014ffc   0x08014ffc   0x00000528   Code   RO         2445    .text               os_sem.o
    0x08015524   0x08015524   0x000003f0   Code   RO         2457    .text               os_stat.o
    0x08015914   0x08015914   0x00000d84   Code   RO         2469    .text               os_task.o
    0x08016698   0x08016698   0x00000354   Code   RO         2481    .text               os_tick.o
    0x080169ec   0x080169ec   0x0000032c   Code   RO         2493    .text               os_time.o
    0x08016d18   0x08016d18   0x00000714   Code   RO         2505    .text               os_tmr.o
    0x0801742c   0x0801742c   0x00000234   Code   RO         2588    .text               os_cpu_c.o
    0x08017660   0x08017660   0x00000002   Code   RO         2632    .text               c_w.l(use_no_semi_2.o)
    0x08017662   0x08017662   0x00000002   PAD
    0x08017664   0x08017664   0x00000010   Code   RO         2634    .text               c_w.l(rt_ctype_table.o)
    0x08017674   0x08017674   0x000000ee   Code   RO         2636    .text               c_w.l(lludivv7m.o)
    0x08017762   0x08017762   0x00000002   PAD
    0x08017764   0x08017764   0x00000018   Code   RO         2642    .text               c_w.l(noretval__2printf.o)
    0x0801777c   0x0801777c   0x0000004e   Code   RO         2646    .text               c_w.l(_printf_pad.o)
    0x080177ca   0x080177ca   0x00000052   Code   RO         2648    .text               c_w.l(_printf_str.o)
    0x0801781c   0x0801781c   0x00000078   Code   RO         2650    .text               c_w.l(_printf_dec.o)
    0x08017894   0x08017894   0x00000058   Code   RO         2655    .text               c_w.l(_printf_hex_int.o)
    0x080178ec   0x080178ec   0x00000188   Code   RO         2690    .text               c_w.l(__printf_flags_ss_wp.o)
    0x08017a74   0x08017a74   0x00000058   Code   RO         2699    .text               c_w.l(memcmp.o)
    0x08017acc   0x08017acc   0x0000003e   Code   RO         2703    .text               c_w.l(strlen.o)
    0x08017b0a   0x08017b0a   0x0000008a   Code   RO         2705    .text               c_w.l(rt_memcpy_v6.o)
    0x08017b94   0x08017b94   0x00000044   Code   RO         2707    .text               c_w.l(rt_memclr.o)
    0x08017bd8   0x08017bd8   0x0000004e   Code   RO         2709    .text               c_w.l(rt_memclr_w.o)
    0x08017c26   0x08017c26   0x00000002   PAD
    0x08017c28   0x08017c28   0x00000080   Code   RO         2711    .text               c_w.l(strcmpv7m.o)
    0x08017ca8   0x08017ca8   0x00000006   Code   RO         2713    .text               c_w.l(heapauxi.o)
    0x08017cae   0x08017cae   0x00000002   Code   RO         2717    .text               c_w.l(use_no_semi.o)
    0x08017cb0   0x08017cb0   0x00000008   Code   RO         2727    .text               c_w.l(rt_locale_intlibspace.o)
    0x08017cb8   0x08017cb8   0x000000b2   Code   RO         2729    .text               c_w.l(_printf_intcommon.o)
    0x08017d6a   0x08017d6a   0x0000002c   Code   RO         2731    .text               c_w.l(_printf_char.o)
    0x08017d96   0x08017d96   0x00000002   PAD
    0x08017d98   0x08017d98   0x00000024   Code   RO         2733    .text               c_w.l(_printf_char_file.o)
    0x08017dbc   0x08017dbc   0x00000064   Code   RO         2739    .text               c_w.l(rt_memcpy_w.o)
    0x08017e20   0x08017e20   0x00000008   Code   RO         2741    .text               c_w.l(libspace.o)
    0x08017e28   0x08017e28   0x00000030   Code   RO         2761    .text               c_w.l(_printf_char_common.o)
    0x08017e58   0x08017e58   0x00000008   Code   RO         2763    .text               c_w.l(ferror.o)
    0x08017e60   0x08017e60   0x0000004a   Code   RO         2812    .text               c_w.l(sys_stackheap_outer.o)
    0x08017eaa   0x08017eaa   0x00000012   Code   RO         2816    .text               c_w.l(exit.o)
    0x08017ebc   0x08017ebc   0x000000ac   Code   RO         2612    CODE                os_cpu_a.o
    0x08017f68   0x08017f68   0x0000000e   Code   RO         2683    i._is_digit         c_w.l(__printf_wp.o)
    0x08017f76   0x08017f76   0x00000002   PAD
    0x08017f78   0x08017f78   0x0000002c   Code   RO         2737    locale$$code        c_w.l(lc_ctype_c.o)
    0x08017fa4   0x08017fa4   0x0000000a   Code   RO         2830    x$fpl$fpinit        fz_wm.l(fpinit.o)
    0x08017fae   0x08017fae   0x0000000c   Data   RO         1253    .constdata          etharp.o
    0x08017fba   0x08017fba   0x00000038   Data   RO         1615    .constdata          memp.o
    0x08017ff2   0x08017ff2   0x00000002   PAD
    0x08017ff4   0x08017ff4   0x00000054   Data   RO         1742    .constdata          tcp.o
    0x08018048   0x08018048   0x00000004   Data   RO         1899    .constdata          sys_arch.o
    0x0801804c   0x0801804c   0x00000040   Data   RO         2069    .constdata          sockets.o
    0x0801808c   0x0801808c   0x00000024   Data   RO         2130    .constdata          malloc.o
    0x080180b0   0x080180b0   0x00000100   Data   RO         2191    .constdata          cpu_core.o
    0x080181b0   0x080181b0   0x00000094   Data   RO         2272    .constdata          lib_str.o
    0x08018244   0x08018244   0x0000007c   Data   RO         2300    .constdata          os_cfg_app.o
    0x080182c0   0x080182c0   0x00000028   Data   RO         2656    .constdata          c_w.l(_printf_hex_int.o)
    0x080182e8   0x080182e8   0x00000011   Data   RO         2691    .constdata          c_w.l(__printf_flags_ss_wp.o)
    0x080182f9   0x080182f9   0x00000003   PAD
    0x080182fc   0x080182fc   0x00000028   Data   RO          890    .conststring        usmart.o
    0x08018324   0x08018324   0x00000107   Data   RO          913    .conststring        usmart_config.o
    0x0801842b   0x0801842b   0x00000001   PAD
    0x0801842c   0x0801842c   0x00000044   Data   RO         1254    .conststring        etharp.o
    0x08018470   0x08018470   0x00000075   Data   RO         1743    .conststring        tcp.o
    0x080184e5   0x080184e5   0x00000003   PAD
    0x080184e8   0x080184e8   0x00000055   Data   RO         1805    .conststring        tcp_out.o
    0x0801853d   0x0801853d   0x00000003   PAD
    0x08018540   0x08018540   0x00000020   Data   RO         2905    Region$$Table       anon$$obj.o
    0x08018560   0x08018560   0x00000110   Data   RO         2736    locale$$data        c_w.l(lc_ctype_c.o)


    Execution Region RW_IRAM1 (Exec base: 0x20000000, Load base: 0x08018670, Size: 0x0001e4e0, Max: 0x00020000, ABSOLUTE, COMPRESSED[0x00000098])

    Exec Addr    Load Addr    Size         Type   Attr      Idx    E Section Name        Object

    0x20000000   COMPRESSED   0x00000014   Data   RW          342    .data               system_stm32f4xx.o
    0x20000014   COMPRESSED   0x00000010   Data   RW          493    .data               lan8720.o
    0x20000024   COMPRESSED   0x00000010   Data   RW          525    .data               sdio_sdcard.o
    0x20000034   COMPRESSED   0x00000010   Data   RW          628    .data               stm32f4xx_rcc.o
    0x20000044   COMPRESSED   0x0000000c   Data   RW          711    .data               stm32f4x7_eth.o
    0x20000050   COMPRESSED   0x00000004   Data   RW          818    .data               delay.o
    0x20000054   COMPRESSED   0x00000002   Data   RW          859    .data               usart.o
    0x20000056   COMPRESSED   0x00000002   PAD
    0x20000058   COMPRESSED   0x00000004   Data   RW          860    .data               usart.o
    0x2000005c   COMPRESSED   0x0000001c   Data   RW          891    .data               usmart.o
    0x20000078   COMPRESSED   0x00000030   Data   RW          914    .data               usmart_config.o
    0x200000a8   COMPRESSED   0x000000f4   Data   RW          915    .data               usmart_config.o
    0x2000019c   COMPRESSED   0x00000008   Data   RW         1089    .data               lwip_comm.o
    0x200001a4   COMPRESSED   0x00000001   Data   RW         1255    .data               etharp.o
    0x200001a5   COMPRESSED   0x00000003   PAD
    0x200001a8   COMPRESSED   0x00000014   Data   RW         1426    .data               ip.o
    0x200001bc   COMPRESSED   0x00000008   Data   RW         1506    .data               ip_frag.o
    0x200001c4   COMPRESSED   0x00000004   Data   RW         1618    .data               memp.o
    0x200001c8   COMPRESSED   0x0000000c   Data   RW         1656    .data               netif.o
    0x200001d4   COMPRESSED   0x00000004   Data   RW         1706    .data               raw.o
    0x200001d8   COMPRESSED   0x00000024   Data   RW         1744    .data               tcp.o
    0x200001fc   COMPRESSED   0x0000001c   Data   RW         1775    .data               tcp_in.o
    0x20000218   COMPRESSED   0x00000008   Data   RW         1826    .data               timers.o
    0x20000220   COMPRESSED   0x00000008   Data   RW         1848    .data               udp.o
    0x20000228   COMPRESSED   0x00000010   Data   RW         1875    .data               mem.o
    0x20000238   COMPRESSED   0x00000008   Data   RW         2070    .data               sockets.o
    0x20000240   COMPRESSED   0x00000008   Data   RW         2093    .data               tcpip.o
    0x20000248   COMPRESSED   0x00000024   Data   RW         2131    .data               malloc.o
    0x2000026c   COMPRESSED   0x00000004   Data   RW         2193    .data               cpu_core.o
    0x20000270   COMPRESSED   0x00000004   Data   RW         2254    .data               lib_mem.o
    0x20000274   COMPRESSED   0x00000004   Data   RW         2415    .data               os_prio.o
    0x20000278   COMPRESSED   0x00000004   Data   RW         2523    .data               os_var.o
    0x2000027c   COMPRESSED   0x00000004   Data   RW         2524    .data               os_var.o
    0x20000280   COMPRESSED   0x00000004   Data   RW         2525    .data               os_var.o
    0x20000284   COMPRESSED   0x00000004   Data   RW         2526    .data               os_var.o
    0x20000288   COMPRESSED   0x00000004   Data   RW         2527    .data               os_var.o
    0x2000028c   COMPRESSED   0x00000004   Data   RW         2528    .data               os_var.o
    0x20000290   COMPRESSED   0x00000004   Data   RW         2529    .data               os_var.o
    0x20000294   COMPRESSED   0x00000004   Data   RW         2530    .data               os_var.o
    0x20000298   COMPRESSED   0x00000001   Data   RW         2531    .data               os_var.o
    0x20000299   COMPRESSED   0x00000001   Data   RW         2532    .data               os_var.o
    0x2000029a   COMPRESSED   0x00000002   PAD
    0x2000029c   COMPRESSED   0x00000004   Data   RW         2533    .data               os_var.o
    0x200002a0   COMPRESSED   0x00000002   Data   RW         2534    .data               os_var.o
    0x200002a2   COMPRESSED   0x00000002   PAD
    0x200002a4   COMPRESSED   0x00000004   Data   RW         2535    .data               os_var.o
    0x200002a8   COMPRESSED   0x00000002   Data   RW         2536    .data               os_var.o
    0x200002aa   COMPRESSED   0x00000002   PAD
    0x200002ac   COMPRESSED   0x00000004   Data   RW         2537    .data               os_var.o
    0x200002b0   COMPRESSED   0x00000002   Data   RW         2538    .data               os_var.o
    0x200002b2   COMPRESSED   0x00000001   Data   RW         2539    .data               os_var.o
    0x200002b3   COMPRESSED   0x00000001   Data   RW         2540    .data               os_var.o
    0x200002b4   COMPRESSED   0x00000001   Data   RW         2541    .data               os_var.o
    0x200002b5   COMPRESSED   0x00000003   PAD
    0x200002b8   COMPRESSED   0x00000004   Data   RW         2542    .data               os_var.o
    0x200002bc   COMPRESSED   0x00000002   Data   RW         2543    .data               os_var.o
    0x200002be   COMPRESSED   0x00000002   PAD
    0x200002c0   COMPRESSED   0x00000004   Data   RW         2544    .data               os_var.o
    0x200002c4   COMPRESSED   0x00000004   Data   RW         2545    .data               os_var.o
    0x200002c8   COMPRESSED   0x00000004   Data   RW         2546    .data               os_var.o
    0x200002cc   COMPRESSED   0x00000001   Data   RW         2547    .data               os_var.o
    0x200002cd   COMPRESSED   0x00000003   PAD
    0x200002d0   COMPRESSED   0x00000004   Data   RW         2548    .data               os_var.o
    0x200002d4   COMPRESSED   0x00000001   Data   RW         2549    .data               os_var.o
    0x200002d5   COMPRESSED   0x00000003   PAD
    0x200002d8   COMPRESSED   0x00000004   Data   RW         2550    .data               os_var.o
    0x200002dc   COMPRESSED   0x00000002   Data   RW         2551    .data               os_var.o
    0x200002de   COMPRESSED   0x00000001   Data   RW         2552    .data               os_var.o
    0x200002df   COMPRESSED   0x00000001   PAD
    0x200002e0   COMPRESSED   0x00000002   Data   RW         2553    .data               os_var.o
    0x200002e2   COMPRESSED   0x00000002   Data   RW         2554    .data               os_var.o
    0x200002e4   COMPRESSED   0x00000004   Data   RW         2555    .data               os_var.o
    0x200002e8   COMPRESSED   0x00000004   Data   RW         2556    .data               os_var.o
    0x200002ec   COMPRESSED   0x00000004   Data   RW         2557    .data               os_var.o
    0x200002f0   COMPRESSED   0x00000001   Data   RW         2558    .data               os_var.o
    0x200002f1   COMPRESSED   0x00000003   PAD
    0x200002f4   COMPRESSED   0x00000004   Data   RW         2559    .data               os_var.o
    0x200002f8   COMPRESSED   0x00000004   Data   RW         2560    .data               os_var.o
    0x200002fc   COMPRESSED   0x00000004   Data   RW         2561    .data               os_var.o
    0x20000300   COMPRESSED   0x00000002   Data   RW         2562    .data               os_var.o
    0x20000302   COMPRESSED   0x00000001   Data   RW         2563    .data               os_var.o
    0x20000303   COMPRESSED   0x00000001   PAD
    0x20000304   COMPRESSED   0x00000004   Data   RW         2564    .data               os_var.o
    0x20000308   COMPRESSED   0x00000004   Data   RW         2565    .data               os_var.o
    0x2000030c   COMPRESSED   0x00000004   Data   RW         2566    .data               os_var.o
    0x20000310   COMPRESSED   0x00000002   Data   RW         2567    .data               os_var.o
    0x20000312   COMPRESSED   0x00000002   PAD
    0x20000314   COMPRESSED   0x00000004   Data   RW         2568    .data               os_var.o
    0x20000318   COMPRESSED   0x00000004   Data   RW         2569    .data               os_var.o
    0x2000031c   COMPRESSED   0x00000004   Data   RW         2570    .data               os_var.o
    0x20000320   COMPRESSED   0x00000004   Data   RW         2571    .data               os_var.o
    0x20000324   COMPRESSED   0x00000004   Data   RW         2572    .data               os_var.o
    0x20000328   COMPRESSED   0x00000004   Data   RW         2573    .data               os_var.o
    0x2000032c   COMPRESSED   0x00000004   Data   RW         2589    .data               os_cpu_c.o
    0x20000330        -       0x0000064c   Zero   RW            6    .bss                main.o
    0x2000097c   COMPRESSED   0x00000004   PAD
    0x20000980        -       0x000002c0   Zero   RW          524    .bss                sdio_sdcard.o
    0x20000c40        -       0x00000b40   Zero   RW          558    .bss                ws281x.o
    0x20001780        -       0x0000000c   Zero   RW          710    .bss                stm32f4x7_eth.o
    0x2000178c        -       0x000000c8   Zero   RW          858    .bss                usart.o
    0x20001854        -       0x00000048   Zero   RW         1087    .bss                lwip_comm.o
    0x2000189c        -       0x000000c8   Zero   RW         1252    .bss                etharp.o
    0x20001964        -       0x00000010   Zero   RW         1468    .bss                ip_addr.o
    0x20001974        -       0x00000038   Zero   RW         1614    .bss                memp.o
    0x200019ac        -       0x00000014   Zero   RW         1774    .bss                tcp_in.o
    0x200019c0        -       0x00000028   Zero   RW         1874    .bss                mem.o
    0x200019e8        -       0x000000c4   Zero   RW         1898    .bss                sys_arch.o
    0x20001aac        -       0x00000060   Zero   RW         2068    .bss                sockets.o
    0x20001b0c        -       0x00000030   Zero   RW         2092    .bss                tcpip.o
    0x20001b3c        -       0x00019000   Zero   RW         2128    .bss                malloc.o
    0x2001ab3c        -       0x00001900   Zero   RW         2129    .bss                malloc.o
    0x2001c43c        -       0x00000010   Zero   RW         2190    .bss                cpu_core.o
    0x2001c44c        -       0x00000448   Zero   RW         2253    .bss                lib_mem.o
    0x2001c894        -       0x00000200   Zero   RW         2292    .bss                os_cfg_app.o
    0x2001ca94        -       0x00000200   Zero   RW         2293    .bss                os_cfg_app.o
    0x2001cc94        -       0x00000640   Zero   RW         2294    .bss                os_cfg_app.o
    0x2001d2d4        -       0x00000200   Zero   RW         2295    .bss                os_cfg_app.o
    0x2001d4d4        -       0x00000200   Zero   RW         2296    .bss                os_cfg_app.o
    0x2001d6d4        -       0x00000088   Zero   RW         2297    .bss                os_cfg_app.o
    0x2001d75c        -       0x00000200   Zero   RW         2298    .bss                os_cfg_app.o
    0x2001d95c        -       0x00000088   Zero   RW         2299    .bss                os_cfg_app.o
    0x2001d9e4        -       0x000000c4   Zero   RW         2517    .bss                os_var.o
    0x2001daa8        -       0x0000000c   Zero   RW         2518    .bss                os_var.o
    0x2001dab4        -       0x00000180   Zero   RW         2519    .bss                os_var.o
    0x2001dc34        -       0x000000c4   Zero   RW         2520    .bss                os_var.o
    0x2001dcf8        -       0x000000c4   Zero   RW         2521    .bss                os_var.o
    0x2001ddbc        -       0x000000c4   Zero   RW         2522    .bss                os_var.o
    0x2001de80        -       0x00000060   Zero   RW         2742    .bss                c_w.l(libspace.o)
    0x2001dee0        -       0x00000200   Zero   RW          579    HEAP                startup_stm32f40_41xxx.o
    0x2001e0e0        -       0x00000400   Zero   RW          578    STACK               startup_stm32f40_41xxx.o



  Load Region LR$$.ARM.__AT_0x10000000 (Base: 0x10000000, Size: 0x00000000, Max: 0x0000f000, ABSOLUTE)

    Execution Region ER$$.ARM.__AT_0x10000000 (Exec base: 0x10000000, Load base: 0x10000000, Size: 0x0000f000, Max: 0x0000f000, ABSOLUTE, UNINIT)

    Exec Addr    Load Addr    Size         Type   Attr      Idx    E Section Name        Object

    0x10000000        -       0x0000f000   Zero   RW         2124    .ARM.__AT_0x10000000  malloc.o



  Load Region LR$$.ARM.__AT_0x1000F000 (Base: 0x1000f000, Size: 0x00000000, Max: 0x00000f00, ABSOLUTE)

    Execution Region ER$$.ARM.__AT_0x1000F000 (Exec base: 0x1000f000, Load base: 0x1000f000, Size: 0x00000f00, Max: 0x00000f00, ABSOLUTE, UNINIT)

    Exec Addr    Load Addr    Size         Type   Attr      Idx    E Section Name        Object

    0x1000f000        -       0x00000f00   Zero   RW         2125    .ARM.__AT_0x1000F000  malloc.o



  Load Region LR$$.ARM.__AT_0x68000000 (Base: 0x68000000, Size: 0x00000000, Max: 0x00032000, ABSOLUTE)

    Execution Region ER$$.ARM.__AT_0x68000000 (Exec base: 0x68000000, Load base: 0x68000000, Size: 0x00032000, Max: 0x00032000, ABSOLUTE, UNINIT)

    Exec Addr    Load Addr    Size         Type   Attr      Idx    E Section Name        Object

    0x68000000        -       0x00032000   Zero   RW         2126    .ARM.__AT_0x68000000  malloc.o



  Load Region LR$$.ARM.__AT_0x68032000 (Base: 0x68032000, Size: 0x00000000, Max: 0x00003200, ABSOLUTE)

    Execution Region ER$$.ARM.__AT_0x68032000 (Exec base: 0x68032000, Load base: 0x68032000, Size: 0x00003200, Max: 0x00003200, ABSOLUTE, UNINIT)

    Exec Addr    Load Addr    Size         Type   Attr      Idx    E Section Name        Object

    0x68032000        -       0x00003200   Zero   RW         2127    .ARM.__AT_0x68032000  malloc.o


==============================================================================

Image component sizes


      Code (inc. data)   RO Data    RW Data    ZI Data      Debug   Object Name

      2588        816          0          0          0      18525   api_lib.o
      5392       1226          0          0          0      11863   api_msg.o
       104         14          0          0          0       1243   bsp.o
        52          0          0          0          0        336   cpu_a.o
       480         12        256          4         16      14591   cpu_core.o
        38          0          0          0          0       1062   def.o
       180          4          0          4          0       1413   delay.o
      2816        588         80          1        200      11379   etharp.o
       488        134          0          0          0       4898   ethernetif.o
       888        374          0          0          0       2734   icmp.o
         0          0          0          0          0       1868   inet.o
       584        104          0          0          0       3505   inet_chksum.o
        38          0          0          0          0       4604   init.o
       852        158          0         20          0       7179   ip.o
       660        112          0          0         16       9463   ip_addr.o
      2184        464          0          8          0       7404   ip_frag.o
       784         36          0         16          0       3765   lan8720.o
       346          0          0          0          0       4152   lib_ascii.o
      1808         26          0          4       1096      22916   lib_mem.o
       544          0          0          0          0        480   lib_mem_a.o
      1704          4        148          0          0      13978   lib_str.o
       700        232          0          8         72      29223   lwip_comm.o
       348         44          0          0       1612     382531   main.o
       484         10         36         36     391680       5063   malloc.o
      1520        540          0         16         40       4470   mem.o
       408        192         56          4         56       3268   memp.o
       188         14          0          0          0       2161   misc.o
       836        340          0          0          0       3545   netbuf.o
       632        116          0         12          0       6589   netif.o
         2          0        124          0       4432      19678   os_cfg_app.o
      2900        254          0          0          0      13479   os_core.o
       172         32          0          0          0        404   os_cpu_a.o
       564         66          0          4          0       4077   os_cpu_c.o
         2          0          0          0          0        506   os_dbg.o
      2088         70          0          0          0       8771   os_flag.o
       372         18          0          0          0       2876   os_mem.o
       404         12          0          0          0       3003   os_msg.o
      1512         82          0          0          0       5822   os_mutex.o
       112          6          0          4          0       1968   os_prio.o
      1396         50          0          0          0       6696   os_q.o
      1320         58          0          0          0       6576   os_sem.o
      1008        130          0          0          0       3141   os_stat.o
      3460        166          0          0          0      14766   os_task.o
       852         72          0          0          0       3621   os_tick.o
       812         52          0          0          0       3469   os_time.o
      1812        136          0          0          0       7258   os_tmr.o
         0          0          0        156       1180      18121   os_var.o
      3576       1236          0          0          0      10297   pbuf.o
       520        134          0          4          0       3777   raw.o
      6384        124          0         16        704      27133   sdio_sdcard.o
      5596        644         64          8         96      19662   sockets.o
        64         26        392          0       1536        844   startup_stm32f40_41xxx.o
      2932         88          0         12         12      20994   stm32f4x7_eth.o
       836         34          0          0          0       7133   stm32f4xx_dma.o
       612         44          0          0          0       4917   stm32f4xx_gpio.o
        12          0          0          0          0        931   stm32f4xx_it.o
      1248         52          0         16          0      13916   stm32f4xx_rcc.o
       444         16          0          0          0       7784   stm32f4xx_sdio.o
       120         16          0          0          0       1953   stm32f4xx_syscfg.o
      2754         60          0          0          0      25124   stm32f4xx_tim.o
      1012         32          0          0          0       8948   stm32f4xx_usart.o
        16          0          0          0          0        496   sys.o
      1032        238          4          0        196       6813   sys_arch.o
       400         36          0         20          0       1907   system_stm32f4xx.o
      4244        994        201         36          0      22951   tcp.o
      4752        798          0         28         20      15455   tcp_in.o
      4200        954         85          0          0      10511   tcp_out.o
       840        192          0          8         48      10200   tcpip.o
       116          4          0          0          0        840   timer.o
       600        172          0          8          0       3487   timers.o
      1200        194          0          8          0       7442   udp.o
         0          0          0          0          0       4812   udp_demo.o
       544         24          0          6        200       3947   usart.o
      2876       1294         40         28          0       4822   usmart.o
         0          0        263        292          0       1604   usmart_config.o
      1092         12          0          0          0       5785   usmart_str.o
       880         16          0          0       2880       4181   ws281x.o

    ----------------------------------------------------------------------
     95344      14198       1790        816     406096     967106   Object Totals
         0          0         32          0          0          0   (incl. Generated)
         8          0          9         29          4          0   (incl. Padding)

    ----------------------------------------------------------------------

      Code (inc. data)   RO Data    RW Data    ZI Data      Debug   Library Member Name

        90          0          0          0          0          0   __dczerorl2.o
         8          0          0          0          0         68   __main.o
       392          4         17          0          0         92   __printf_flags_ss_wp.o
        14          0          0          0          0         68   __printf_wp.o
         0          0          0          0          0          0   __rtentry.o
        12          0          0          0          0          0   __rtentry2.o
         6          0          0          0          0          0   __rtentry4.o
        52          8          0          0          0          0   __scatter.o
        28          0          0          0          0          0   __scatter_zi.o
         6          0          0          0          0          0   _printf_c.o
        44          0          0          0          0        108   _printf_char.o
        48          6          0          0          0         96   _printf_char_common.o
        36          4          0          0          0         80   _printf_char_file.o
         6          0          0          0          0          0   _printf_d.o
       120         16          0          0          0         92   _printf_dec.o
        88          4         40          0          0         88   _printf_hex_int.o
       178          0          0          0          0         88   _printf_intcommon.o
        78          0          0          0          0        108   _printf_pad.o
         0          0          0          0          0          0   _printf_percent.o
         4          0          0          0          0          0   _printf_percent_end.o
         6          0          0          0          0          0   _printf_s.o
        82          0          0          0          0         80   _printf_str.o
         6          0          0          0          0          0   _printf_u.o
         6          0          0          0          0          0   _printf_x.o
        18          0          0          0          0         80   exit.o
         8          0          0          0          0         68   ferror.o
         6          0          0          0          0        152   heapauxi.o
        44         10        272          0          0         76   lc_ctype_c.o
         2          0          0          0          0          0   libinit.o
        24          0          0          0          0          0   libinit2.o
         2          0          0          0          0          0   libshutdown.o
         2          0          0          0          0          0   libshutdown2.o
         8          4          0          0         96         68   libspace.o
       238          0          0          0          0        100   lludivv7m.o
        88          0          0          0          0         76   memcmp.o
        24          4          0          0          0         84   noretval__2printf.o
        16          4          0          0          0         76   rt_ctype_table.o
         8          4          0          0          0         68   rt_locale_intlibspace.o
        68          0          0          0          0         68   rt_memclr.o
        78          0          0          0          0         80   rt_memclr_w.o
       138          0          0          0          0         68   rt_memcpy_v6.o
       100          0          0          0          0         80   rt_memcpy_w.o
         2          0          0          0          0          0   rtexit.o
        10          0          0          0          0          0   rtexit2.o
       128          0          0          0          0         68   strcmpv7m.o
        62          0          0          0          0         76   strlen.o
        74          0          0          0          0         80   sys_stackheap_outer.o
         2          0          0          0          0         68   use_no_semi.o
         2          0          0          0          0         68   use_no_semi_2.o
        10          0          0          0          0        116   fpinit.o

    ----------------------------------------------------------------------
      2486         68        332          0         96       2588   Library Totals
        14          0          3          0          0          0   (incl. Padding)

    ----------------------------------------------------------------------

      Code (inc. data)   RO Data    RW Data    ZI Data      Debug   Library Name

      2462         68        329          0         96       2472   c_w.l
        10          0          0          0          0        116   fz_wm.l

    ----------------------------------------------------------------------
      2486         68        332          0         96       2588   Library Totals

    ----------------------------------------------------------------------

==============================================================================


      Code (inc. data)   RO Data    RW Data    ZI Data      Debug   

     97830      14266       2122        816     406192     951542   Grand Totals
     97830      14266       2122        152     406192     951542   ELF Image Totals (compressed)
     97830      14266       2122        152          0          0   ROM Totals

==============================================================================

    Total RO  Size (Code + RO Data)                99952 (  97.61kB)
    Total RW  Size (RW Data + ZI Data)            407008 ( 397.47kB)
    Total ROM Size (Code + RO Data + RW Data)     100104 (  97.76kB)

==============================================================================

